// Jest Snapshot v1, https://goo.gl/fbAQLP

exports[`TypeaheadResultsList renders self and subcomponents 1`] = `
<TypeaheadResultsList
  highlightedIndex={-1}
  onResultsUpdate={[Function]}
  updateHighlightedIndex={[Function]}
>
  <typeahead-results-list>
    <h3
      key=".0"
    >
      Cities
    </h3>
    <TypeaheadResult
      _onSelect={[Function]}
      isHighlighted={false}
      key=".1"
    >
      <typeahead-result
        class=""
        onClick={[Function]}
        tabindex="-1"
      >
        Las Vegas
      </typeahead-result>
    </TypeaheadResult>
    <TypeaheadResult
      _onSelect={[Function]}
      isHighlighted={false}
      key=".2"
    >
      <typeahead-result
        class=""
        onClick={[Function]}
        tabindex="-1"
      >
        Los Angeles
      </typeahead-result>
    </TypeaheadResult>
    <TypeaheadResult
      _onSelect={[Function]}
      isHighlighted={false}
      key=".3"
    >
      <typeahead-result
        class=""
        onClick={[Function]}
        tabindex="-1"
      >
        San Francisco
      </typeahead-result>
    </TypeaheadResult>
  </typeahead-results-list>
</TypeaheadResultsList>
`;
