// Jest Snapshot v1, https://goo.gl/fbAQLP

exports[`Typeahead renders self and subcomponents 1`] = `
<pure-typeahead
  onBlur={[Function]}
/>
`;

exports[`Typeahead renders the children 1`] = `
<Typeahead
  onBlur={[Function]}
  onDismiss={[Function]}
  onSelect={[Function]}
>
  <pure-typeahead
    onBlur={[Function]}
  >
    hi
    <TypeaheadInput
      arrowKeyPressed={[Function]}
      enterKeyPressed={[Function]}
      escapeKeyPressed={[Function]}
      key=".1"
      onChange={[Function]}
      onFocus={[Function]}
      onKeyDown={[Function]}
      onKeyUp={[Function]}
      value="hello"
    >
      <input
        onChange={[Function]}
        onFocus={[Function]}
        onKeyDown={[Function]}
        onKeyUp={[Function]}
        type="text"
        value="hello"
      />
    </TypeaheadInput>
    <TypeaheadResultsList
      _onSelect={[Function]}
      highlightedIndex={-1}
      key=".2"
      onResultsUpdate={[Function]}
      updateHighlightedIndex={[Function]}
    >
      <typeahead-results-list>
        <TypeaheadResult
          _onSelect={[Function]}
          isHighlighted={false}
          key=".0"
          value={
            Object {
              "some": "value",
            }
          }
        >
          <typeahead-result
            class=""
            onClick={[Function]}
            tabindex="-1"
          >
            RESULTS
          </typeahead-result>
        </TypeaheadResult>
        <TypeaheadResult
          _onSelect={[Function]}
          isHighlighted={false}
          key=".1"
          value="hello"
        >
          <typeahead-result
            class=""
            onClick={[Function]}
            tabindex="-1"
          >
            hello
          </typeahead-result>
        </TypeaheadResult>
        <TypeaheadResult
          _onSelect={[Function]}
          isHighlighted={false}
          key=".2"
          value="world"
        >
          <typeahead-result
            class=""
            onClick={[Function]}
            tabindex="-1"
          >
            world
          </typeahead-result>
        </TypeaheadResult>
      </typeahead-results-list>
    </TypeaheadResultsList>
  </pure-typeahead>
</Typeahead>
`;
